// Jest Snapshot v1, https://goo.gl/fbAQLP

exports[`Connect presentation has not changed 1`] = `
<View>
  <View>
    <Text>
      500
    </Text>
  </View>
  <View>
    <View
      style={
        Object {
          "borderBottomWidth": 1,
          "borderColor": "#AAAAAA",
          "borderStyle": "solid",
          "flexDirection": "row",
          "justifyContent": "space-between",
          "padding": 10,
        }
      }
    >
      <Text
        style={
          Object {
            "fontSize": 18,
          }
        }
      >
        Chicken
      </Text>
      <Text
        style={
          Object {
            "fontSize": 18,
          }
        }
      >
        100
      </Text>
      <View
        accessible={true}
        isTVSelectable={true}
        onResponderGrant={[Function]}
        onResponderMove={[Function]}
        onResponderRelease={[Function]}
        onResponderTerminate={[Function]}
        onResponderTerminationRequest={[Function]}
        onStartShouldSetResponder={[Function]}
        style={
          Object {
            "opacity": 1,
          }
        }
        testID="RemoveButton"
      >
        <Text>
          X
        </Text>
      </View>
    </View>
    <View
      style={
        Object {
          "borderBottomWidth": 1,
          "borderColor": "#AAAAAA",
          "borderStyle": "solid",
          "flexDirection": "row",
          "justifyContent": "space-between",
          "padding": 10,
        }
      }
    >
      <Text
        style={
          Object {
            "fontSize": 18,
          }
        }
      >
        Beef
      </Text>
      <Text
        style={
          Object {
            "fontSize": 18,
          }
        }
      >
        200
      </Text>
      <View
        accessible={true}
        isTVSelectable={true}
        onResponderGrant={[Function]}
        onResponderMove={[Function]}
        onResponderRelease={[Function]}
        onResponderTerminate={[Function]}
        onResponderTerminationRequest={[Function]}
        onStartShouldSetResponder={[Function]}
        style={
          Object {
            "opacity": 1,
          }
        }
        testID="RemoveButton"
      >
        <Text>
          X
        </Text>
      </View>
    </View>
  </View>
</View>
`;
